Req method is GET & Req URL is /api/note
Req method is GET & Req URL is /api/note
Req method is GET & Req URL is /api/notes
Req method is GET & Req URL is /api/notes
Req method is GET & Req URL is /api/notes
Req method is GET & Req URL is /api/note
Req method is GET & Req URL is /api/note
Req method is GET & Req URL is /api/notes
Req method is GET & Req URL is /api/notes
Req method is GET & Req URL is /api/note
Req method is GET & Req URL is /api/note
Req method is GET & Req URL is /api/notes
Req method is GET & Req URL is /api/notes
Req method is GET & Req URL is /api/notes/68cd0f59b0ada3d80db8e78b
Req method is GET & Req URL is /api/notes/68cd0f59b0ada3d80db8e78b
Req method is PUT & Req URL is /api/notes/68cd0f59b0ada3d80db8e78b
Req method is GET & Req URL is /api/notes
Req method is GET & Req URL is /api/notes
Req method is POST & Req URL is /api/notes
Req method is GET & Req URL is /api/notes
Req method is GET & Req URL is /api/notes
Req method is GET & Req URL is /api/notes
Req method is GET & Req URL is /api/notes
Req method is GET & Req URL is /api/notes
Req method is GET & Req URL is /api/notes
Req method is GET & Req URL is /api/notes
Req method is GET & Req URL is /api/notes
Req method is GET & Req URL is /api/notes
Req method is GET & Req URL is /api/notes
